// Jest Snapshot v1, https://goo.gl/fbAQLP

exports[`<Button/> should render the medium size by default 1`] = `
.c0 {
  background: linear-gradient(180deg,#FF5F5F 0%,#F062C0 50%);
  border: none;
  border-radius: 0.4rem;
  cursor: pointer;
  color: #FAFAFA;
  padding: 0.8rem;
  height: 4rem;
  font-size: 1.4rem;
  padding: 0.8rem 3.2rem;
}

<button
  class="c0"
>
  <span>
    Click here
  </span>
</button>
`;
